
  .   ____          _            __ _ _
 /\\ / ___'_ __ _ _(_)_ __  __ _ \ \ \ \
( ( )\___ | '_ | '_| | '_ \/ _` | \ \ \ \
 \\/  ___)| |_)| | | | | || (_| |  ) ) ) )
  '  |____| .__|_| |_|_| |_\__, | / / / /
 =========|_|==============|___/=/_/_/_/
 :: Spring Boot ::                (v3.2.0)

2026-01-28T10:22:25.821Z  INFO 8000 --- [SimpleSplit] [           main] com.simplesplit.SimpleSplitApp           : Starting SimpleSplitApp v1.0-SNAPSHOT using Java 21.0.9 with PID 8000 (/app/target/SimpleSplit-1.0-SNAPSHOT.jar started by jules in /app)
2026-01-28T10:22:25.825Z  INFO 8000 --- [SimpleSplit] [           main] com.simplesplit.SimpleSplitApp           : No active profile set, falling back to 1 default profile: "default"
2026-01-28T10:22:27.281Z  INFO 8000 --- [SimpleSplit] [           main] .s.d.r.c.RepositoryConfigurationDelegate : Bootstrapping Spring Data JPA repositories in DEFAULT mode.
2026-01-28T10:22:27.353Z  INFO 8000 --- [SimpleSplit] [           main] .s.d.r.c.RepositoryConfigurationDelegate : Finished Spring Data repository scanning in 62 ms. Found 3 JPA repository interfaces.
2026-01-28T10:22:28.073Z  INFO 8000 --- [SimpleSplit] [           main] o.s.b.w.embedded.tomcat.TomcatWebServer  : Tomcat initialized with port 8080 (http)
2026-01-28T10:22:28.095Z  INFO 8000 --- [SimpleSplit] [           main] o.apache.catalina.core.StandardService   : Starting service [Tomcat]
2026-01-28T10:22:28.095Z  INFO 8000 --- [SimpleSplit] [           main] o.apache.catalina.core.StandardEngine    : Starting Servlet engine: [Apache Tomcat/10.1.16]
2026-01-28T10:22:28.146Z  INFO 8000 --- [SimpleSplit] [           main] o.a.c.c.C.[Tomcat].[localhost].[/]       : Initializing Spring embedded WebApplicationContext
2026-01-28T10:22:28.147Z  INFO 8000 --- [SimpleSplit] [           main] w.s.c.ServletWebServerApplicationContext : Root WebApplicationContext: initialization completed in 2170 ms
2026-01-28T10:22:28.192Z  INFO 8000 --- [SimpleSplit] [           main] com.zaxxer.hikari.HikariDataSource       : HikariPool-1 - Starting...
2026-01-28T10:22:28.576Z  INFO 8000 --- [SimpleSplit] [           main] com.zaxxer.hikari.pool.HikariPool        : HikariPool-1 - Added connection conn0: url=jdbc:h2:mem:simplesplit user=SA
2026-01-28T10:22:28.579Z  INFO 8000 --- [SimpleSplit] [           main] com.zaxxer.hikari.HikariDataSource       : HikariPool-1 - Start completed.
2026-01-28T10:22:28.596Z  INFO 8000 --- [SimpleSplit] [           main] o.s.b.a.h2.H2ConsoleAutoConfiguration    : H2 console available at '/h2-console'. Database available at 'jdbc:h2:mem:simplesplit'
2026-01-28T10:22:28.843Z  INFO 8000 --- [SimpleSplit] [           main] o.hibernate.jpa.internal.util.LogHelper  : HHH000204: Processing PersistenceUnitInfo [name: default]
2026-01-28T10:22:28.918Z  INFO 8000 --- [SimpleSplit] [           main] org.hibernate.Version                    : HHH000412: Hibernate ORM core version 6.3.1.Final
2026-01-28T10:22:28.965Z  INFO 8000 --- [SimpleSplit] [           main] o.h.c.internal.RegionFactoryInitiator    : HHH000026: Second-level cache disabled
2026-01-28T10:22:29.288Z  INFO 8000 --- [SimpleSplit] [           main] o.s.o.j.p.SpringPersistenceUnitInfo      : No LoadTimeWeaver setup: ignoring JPA class transformer
2026-01-28T10:22:29.349Z  WARN 8000 --- [SimpleSplit] [           main] org.hibernate.orm.deprecation            : HHH90000025: H2Dialect does not need to be specified explicitly using 'hibernate.dialect' (remove the property setting and it will be selected by default)
2026-01-28T10:22:30.491Z  INFO 8000 --- [SimpleSplit] [           main] o.h.e.t.j.p.i.JtaPlatformInitiator       : HHH000489: No JTA platform available (set 'hibernate.transaction.jta.platform' to enable JTA platform integration)
Hibernate:
    create table split_rules (
        id bigint generated by default as identity,
        amount numeric(38,2) not null,
        transaction_id bigint not null,
        user_id bigint not null,
        primary key (id)
    )
Hibernate:
    create table transactions (
        id bigint generated by default as identity,
        amount numeric(38,2) not null,
        date date not null,
        description varchar(255),
        payer_id bigint not null,
        primary key (id)
    )
Hibernate:
    create table users (
        id bigint generated by default as identity,
        created_at timestamp(6),
        email varchar(255) not null,
        username varchar(255) not null,
        primary key (id)
    )
Hibernate:
    alter table if exists users
       drop constraint if exists UK_6dotkott2kjsp8vw4d0m25fb7
Hibernate:
    alter table if exists users
       add constraint UK_6dotkott2kjsp8vw4d0m25fb7 unique (email)
Hibernate:
    alter table if exists users
       drop constraint if exists UK_r43af9ap4edm43mmtq01oddj6
Hibernate:
    alter table if exists users
       add constraint UK_r43af9ap4edm43mmtq01oddj6 unique (username)
Hibernate:
    alter table if exists split_rules
       add constraint FK9so62cgtx2hmeb66c6maomagp
       foreign key (transaction_id)
       references transactions
Hibernate:
    alter table if exists split_rules
       add constraint FK4dpfpwcgstmvqy0sqf79q9psf
       foreign key (user_id)
       references users
Hibernate:
    alter table if exists transactions
       add constraint FK1grbegsy5x0g168mo784c6nrc
       foreign key (payer_id)
       references users
2026-01-28T10:22:30.642Z  INFO 8000 --- [SimpleSplit] [           main] j.LocalContainerEntityManagerFactoryBean : Initialized JPA EntityManagerFactory for persistence unit 'default'
2026-01-28T10:22:31.345Z  WARN 8000 --- [SimpleSplit] [           main] JpaBaseConfiguration$JpaWebConfiguration : spring.jpa.open-in-view is enabled by default. Therefore, database queries may be performed during view rendering. Explicitly configure spring.jpa.open-in-view to disable this warning
2026-01-28T10:22:31.818Z  INFO 8000 --- [SimpleSplit] [           main] o.s.b.w.embedded.tomcat.TomcatWebServer  : Tomcat started on port 8080 (http) with context path ''
2026-01-28T10:22:31.876Z  INFO 8000 --- [SimpleSplit] [           main] com.simplesplit.SimpleSplitApp           : Started SimpleSplitApp in 6.729 seconds (process running for 7.516)
2026-01-28T10:27:45.714Z  INFO 8000 --- [SimpleSplit] [nio-8080-exec-1] o.a.c.c.C.[Tomcat].[localhost].[/]       : Initializing Spring DispatcherServlet 'dispatcherServlet'
2026-01-28T10:27:45.714Z  INFO 8000 --- [SimpleSplit] [nio-8080-exec-1] o.s.web.servlet.DispatcherServlet        : Initializing Servlet 'dispatcherServlet'
2026-01-28T10:27:45.716Z  INFO 8000 --- [SimpleSplit] [nio-8080-exec-1] o.s.web.servlet.DispatcherServlet        : Completed initialization in 2 ms
Hibernate:
    insert
    into
        users
        (created_at, email, username, id)
    values
        (?, ?, ?, default)
Hibernate:
    insert
    into
        users
        (created_at, email, username, id)
    values
        (?, ?, ?, default)
Hibernate:
    select
        u1_0.id,
        u1_0.created_at,
        u1_0.email,
        u1_0.username
    from
        users u1_0
    where
        u1_0.id=?
Hibernate:
    select
        u1_0.id,
        u1_0.created_at,
        u1_0.email,
        u1_0.username
    from
        users u1_0
    where
        u1_0.id=?
Hibernate:
    insert
    into
        transactions
        (amount, date, description, payer_id, id)
    values
        (?, ?, ?, ?, default)
Hibernate:
    insert
    into
        split_rules
        (amount, transaction_id, user_id, id)
    values
        (?, ?, ?, default)
Hibernate:
    insert
    into
        split_rules
        (amount, transaction_id, user_id, id)
    values
        (?, ?, ?, default)
Hibernate:
    select
        u1_0.id,
        u1_0.created_at,
        u1_0.email,
        u1_0.username
    from
        users u1_0
Hibernate:
    select
        t1_0.id,
        t1_0.amount,
        t1_0.date,
        t1_0.description,
        t1_0.payer_id
    from
        transactions t1_0
    where
        t1_0.payer_id=?
Hibernate:
    select
        sr1_0.id,
        sr1_0.amount,
        sr1_0.transaction_id,
        sr1_0.user_id
    from
        split_rules sr1_0
    where
        sr1_0.user_id=?
Hibernate:
    select
        t1_0.id,
        t1_0.amount,
        t1_0.date,
        t1_0.description,
        t1_0.payer_id
    from
        transactions t1_0
    where
        t1_0.payer_id=?
Hibernate:
    select
        sr1_0.id,
        sr1_0.amount,
        sr1_0.transaction_id,
        sr1_0.user_id
    from
        split_rules sr1_0
    where
        sr1_0.user_id=?
2026-01-28T10:37:51.732Z  INFO 8000 --- [SimpleSplit] [ionShutdownHook] j.LocalContainerEntityManagerFactoryBean : Closing JPA EntityManagerFactory for persistence unit 'default'
2026-01-28T10:37:51.735Z  INFO 8000 --- [SimpleSplit] [ionShutdownHook] com.zaxxer.hikari.HikariDataSource       : HikariPool-1 - Shutdown initiated...
2026-01-28T10:37:51.738Z  INFO 8000 --- [SimpleSplit] [ionShutdownHook] com.zaxxer.hikari.HikariDataSource       : HikariPool-1 - Shutdown completed.
